{
  "x-powered-by": "Express",
  "content-type": "text/html; charset=utf-8",
  "content-length": "49",
  "connection": "keep-alive",
  "keep-alive": "timeout=5"
}